// Jest Snapshot v1, https://goo.gl/fbAQLP

exports[` 1`] = `
<div
  style={
    Object {
      "textAlign": "center",
    }
  }
>
  <div
    style={
      Object {
        "display": "inline-block",
        "marginTop": "50px",
      }
    }
  >
    <div>
      <input
        onChange={[Function]}
        placeholder="Search..."
        type="text"
        value=""
      />
      <br />
      <input
        onClick={[Function]}
        type="checkbox"
      />
      Only show products in stock
    </div>
    <table>
      <thead>
        <tr>
          <th>
            Name
          </th>
          <th>
            Price
          </th>
        </tr>
      </thead>
      <tbody>
        <tr>
          <th
            colSpan="2"
          >
            Electronics
          </th>
        </tr>
        <tr>
          <td>
            iPod Touch
          </td>
          <td>
             
            $99.99
          </td>
        </tr>
        <tr>
          <td>
            <span
              id="name"
              style={
                Object {
                  "color": "red",
                }
              }
            >
              iPhone 5
            </span>
          </td>
          <td>
             
            $399.99
          </td>
        </tr>
        <tr>
          <td>
            Nexus 7
          </td>
          <td>
             
            $199.99
          </td>
        </tr>
        <tr>
          <th
            colSpan="2"
          >
            Sporting Goods
          </th>
        </tr>
        <tr>
          <td>
            <span
              id="name"
              style={
                Object {
                  "color": "red",
                }
              }
            >
              Basketball
            </span>
          </td>
          <td>
             
            $29.99
          </td>
        </tr>
        <tr>
          <td>
            Football
          </td>
          <td>
             
            $49.99
          </td>
        </tr>
        <tr>
          <td>
            Baseball
          </td>
          <td>
             
            $9.99
          </td>
        </tr>
      </tbody>
    </table>
  </div>
</div>
`;
