// Jest Snapshot v1, https://goo.gl/fbAQLP

exports[`ProductRow snapshot testing 1`] = `
<tr>
  <td>
    football
  </td>
  <td>
     
    $45
  </td>
</tr>
`;
